com\capitalcarrier\roomvisualizer\presentation\editor\RoomCanvas2DFX.class
com\capitalcarrier\roomvisualizer\presentation\components\RoomIllustrationBuilder.class
com\capitalcarrier\roomvisualizer\domain\model\Designer.class
com\capitalcarrier\roomvisualizer\presentation\dashboard\DashboardFX.class
com\capitalcarrier\roomvisualizer\presentation\components\ColorPickerComponent.class
com\capitalcarrier\roomvisualizer\domain\validation\FurnitureValidator.class
com\capitalcarrier\roomvisualizer\presentation\auth\LoginFX.class
com\capitalcarrier\roomvisualizer\application\auth\AuthService.class
com\capitalcarrier\roomvisualizer\MainApp.class
com\capitalcarrier\roomvisualizer\persistence\db\DatabaseManager.class
com\capitalcarrier\roomvisualizer\presentation\components\NotificationToast.class
com\capitalcarrier\roomvisualizer\presentation\dashboard\TemplatesViewFX$3.class
com\capitalcarrier\roomvisualizer\presentation\navigation\Router.class
com\capitalcarrier\roomvisualizer\domain\model\Material.class
com\capitalcarrier\roomvisualizer\domain\model\Camera.class
com\capitalcarrier\roomvisualizer\domain\validation\RoomValidator.class
com\capitalcarrier\roomvisualizer\domain\model\Scene2D.class
com\capitalcarrier\roomvisualizer\domain\model\Scene3D.class
com\capitalcarrier\roomvisualizer\presentation\components\NumericInputSpinner.class
com\capitalcarrier\roomvisualizer\application\design\FurnitureService.class
com\capitalcarrier\roomvisualizer\domain\model\FurnitureCategory.class
com\capitalcarrier\roomvisualizer\application\render\RenderService.class
com\capitalcarrier\roomvisualizer\presentation\dashboard\SettingsViewFX.class
com\capitalcarrier\roomvisualizer\presentation\dashboard\MyDesignsViewFX$1.class
com\capitalcarrier\roomvisualizer\presentation\auth\AuthController.class
com\capitalcarrier\roomvisualizer\presentation\dashboard\TemplatesViewFX.class
com\capitalcarrier\roomvisualizer\config\DatabaseConfig.class
com\capitalcarrier\roomvisualizer\presentation\navigation\NavigationController.class
com\capitalcarrier\roomvisualizer\domain\enums\ViewMode.class
com\capitalcarrier\roomvisualizer\testsupport\MockDataFactory.class
com\capitalcarrier\roomvisualizer\config\ThemeConfig.class
com\capitalcarrier\roomvisualizer\domain\model\FurnitureItem.class
com\capitalcarrier\roomvisualizer\security\PasswordHasher.class
com\capitalcarrier\roomvisualizer\application\design\DesignService.class
com\capitalcarrier\roomvisualizer\domain\model\User.class
com\capitalcarrier\roomvisualizer\presentation\editor\PropertiesPanel.class
com\capitalcarrier\roomvisualizer\domain\enums\UnitType.class
com\capitalcarrier\roomvisualizer\presentation\dashboard\MyDesignsViewFX.class
com\capitalcarrier\roomvisualizer\presentation\editor\RoomViewport3DFX.class
com\capitalcarrier\roomvisualizer\presentation\editor\RoomViewport3DFX$1.class
com\capitalcarrier\roomvisualizer\presentation\editor\EditorFX.class
com\capitalcarrier\roomvisualizer\presentation\dashboard\TemplatesViewFX$2.class
com\capitalcarrier\roomvisualizer\application\render\LayoutService.class
com\capitalcarrier\roomvisualizer\application\design\RoomService.class
com\capitalcarrier\roomvisualizer\config\AppConfig.class
com\capitalcarrier\roomvisualizer\config\RenderConfig.class
com\capitalcarrier\roomvisualizer\domain\enums\RenderMode.class
com\capitalcarrier\roomvisualizer\presentation\editor\CatalogPanel.class
com\capitalcarrier\roomvisualizer\application\export\SnapshotService.class
com\capitalcarrier\roomvisualizer\security\SessionManager.class
com\capitalcarrier\roomvisualizer\domain\model\RoomShape.class
com\capitalcarrier\roomvisualizer\domain\model\DesignProject.class
com\capitalcarrier\roomvisualizer\application\design\PortfolioService.class
com\capitalcarrier\roomvisualizer\application\render\ShadeService.class
com\capitalcarrier\roomvisualizer\domain\model\RoomDimensions.class
com\capitalcarrier\roomvisualizer\presentation\auth\RegisterFX.class
com\capitalcarrier\roomvisualizer\application\render\TransformService.class
com\capitalcarrier\roomvisualizer\domain\model\Room.class
com\capitalcarrier\roomvisualizer\domain\model\ColorScheme.class
com\capitalcarrier\roomvisualizer\presentation\dashboard\TemplatesViewFX$1.class
com\capitalcarrier\roomvisualizer\presentation\dashboard\TemplatesViewFX$4.class
com\capitalcarrier\roomvisualizer\App.class
