D:\3rd year\PUSL3122 HCI, Computer Graphics, and Visualisation (25SPM)\PUSL3122-HCI-Computer-Graphics-and-Visualisation-Group-40-\src\main\java\com\capitalcarrier\roomvisualizer\domain\model\RoomDimensions.java
D:\3rd year\PUSL3122 HCI, Computer Graphics, and Visualisation (25SPM)\PUSL3122-HCI-Computer-Graphics-and-Visualisation-Group-40-\src\main\java\com\capitalcarrier\roomvisualizer\domain\model\DesignProject.java
D:\3rd year\PUSL3122 HCI, Computer Graphics, and Visualisation (25SPM)\PUSL3122-HCI-Computer-Graphics-and-Visualisation-Group-40-\src\main\java\com\capitalcarrier\roomvisualizer\application\auth\AuthService.java
D:\3rd year\PUSL3122 HCI, Computer Graphics, and Visualisation (25SPM)\PUSL3122-HCI-Computer-Graphics-and-Visualisation-Group-40-\src\main\java\com\capitalcarrier\roomvisualizer\presentation\dashboard\SettingsViewFX.java
D:\3rd year\PUSL3122 HCI, Computer Graphics, and Visualisation (25SPM)\PUSL3122-HCI-Computer-Graphics-and-Visualisation-Group-40-\src\main\java\com\capitalcarrier\roomvisualizer\presentation\components\NotificationToast.java
D:\3rd year\PUSL3122 HCI, Computer Graphics, and Visualisation (25SPM)\PUSL3122-HCI-Computer-Graphics-and-Visualisation-Group-40-\src\main\java\com\capitalcarrier\roomvisualizer\presentation\editor\CatalogPanel.java
D:\3rd year\PUSL3122 HCI, Computer Graphics, and Visualisation (25SPM)\PUSL3122-HCI-Computer-Graphics-and-Visualisation-Group-40-\src\main\java\com\capitalcarrier\roomvisualizer\domain\model\User.java
D:\3rd year\PUSL3122 HCI, Computer Graphics, and Visualisation (25SPM)\PUSL3122-HCI-Computer-Graphics-and-Visualisation-Group-40-\src\main\java\com\capitalcarrier\roomvisualizer\presentation\editor\PropertiesPanel.java
D:\3rd year\PUSL3122 HCI, Computer Graphics, and Visualisation (25SPM)\PUSL3122-HCI-Computer-Graphics-and-Visualisation-Group-40-\src\main\java\com\capitalcarrier\roomvisualizer\domain\model\FurnitureCategory.java
D:\3rd year\PUSL3122 HCI, Computer Graphics, and Visualisation (25SPM)\PUSL3122-HCI-Computer-Graphics-and-Visualisation-Group-40-\src\main\java\com\capitalcarrier\roomvisualizer\presentation\components\RoomIllustrationBuilder.java
D:\3rd year\PUSL3122 HCI, Computer Graphics, and Visualisation (25SPM)\PUSL3122-HCI-Computer-Graphics-and-Visualisation-Group-40-\src\main\java\com\capitalcarrier\roomvisualizer\application\design\RoomService.java
D:\3rd year\PUSL3122 HCI, Computer Graphics, and Visualisation (25SPM)\PUSL3122-HCI-Computer-Graphics-and-Visualisation-Group-40-\src\main\java\com\capitalcarrier\roomvisualizer\application\render\RenderService.java
D:\3rd year\PUSL3122 HCI, Computer Graphics, and Visualisation (25SPM)\PUSL3122-HCI-Computer-Graphics-and-Visualisation-Group-40-\src\main\java\com\capitalcarrier\roomvisualizer\persistence\db\DatabaseManager.java
D:\3rd year\PUSL3122 HCI, Computer Graphics, and Visualisation (25SPM)\PUSL3122-HCI-Computer-Graphics-and-Visualisation-Group-40-\src\main\java\com\capitalcarrier\roomvisualizer\application\render\TransformService.java
D:\3rd year\PUSL3122 HCI, Computer Graphics, and Visualisation (25SPM)\PUSL3122-HCI-Computer-Graphics-and-Visualisation-Group-40-\src\main\java\com\capitalcarrier\roomvisualizer\domain\model\Camera.java
D:\3rd year\PUSL3122 HCI, Computer Graphics, and Visualisation (25SPM)\PUSL3122-HCI-Computer-Graphics-and-Visualisation-Group-40-\src\main\java\com\capitalcarrier\roomvisualizer\presentation\navigation\NavigationController.java
D:\3rd year\PUSL3122 HCI, Computer Graphics, and Visualisation (25SPM)\PUSL3122-HCI-Computer-Graphics-and-Visualisation-Group-40-\src\main\java\com\capitalcarrier\roomvisualizer\domain\validation\RoomValidator.java
D:\3rd year\PUSL3122 HCI, Computer Graphics, and Visualisation (25SPM)\PUSL3122-HCI-Computer-Graphics-and-Visualisation-Group-40-\src\main\java\com\capitalcarrier\roomvisualizer\presentation\auth\LoginFX.java
D:\3rd year\PUSL3122 HCI, Computer Graphics, and Visualisation (25SPM)\PUSL3122-HCI-Computer-Graphics-and-Visualisation-Group-40-\src\main\java\com\capitalcarrier\roomvisualizer\presentation\editor\RoomViewport3DFX.java
D:\3rd year\PUSL3122 HCI, Computer Graphics, and Visualisation (25SPM)\PUSL3122-HCI-Computer-Graphics-and-Visualisation-Group-40-\src\main\java\com\capitalcarrier\roomvisualizer\application\design\DesignService.java
D:\3rd year\PUSL3122 HCI, Computer Graphics, and Visualisation (25SPM)\PUSL3122-HCI-Computer-Graphics-and-Visualisation-Group-40-\src\main\java\com\capitalcarrier\roomvisualizer\presentation\dashboard\DashboardFX.java
D:\3rd year\PUSL3122 HCI, Computer Graphics, and Visualisation (25SPM)\PUSL3122-HCI-Computer-Graphics-and-Visualisation-Group-40-\src\main\java\com\capitalcarrier\roomvisualizer\application\design\PortfolioService.java
D:\3rd year\PUSL3122 HCI, Computer Graphics, and Visualisation (25SPM)\PUSL3122-HCI-Computer-Graphics-and-Visualisation-Group-40-\src\main\java\com\capitalcarrier\roomvisualizer\config\DatabaseConfig.java
D:\3rd year\PUSL3122 HCI, Computer Graphics, and Visualisation (25SPM)\PUSL3122-HCI-Computer-Graphics-and-Visualisation-Group-40-\src\main\java\com\capitalcarrier\roomvisualizer\security\SessionManager.java
D:\3rd year\PUSL3122 HCI, Computer Graphics, and Visualisation (25SPM)\PUSL3122-HCI-Computer-Graphics-and-Visualisation-Group-40-\src\main\java\com\capitalcarrier\roomvisualizer\domain\model\Scene3D.java
D:\3rd year\PUSL3122 HCI, Computer Graphics, and Visualisation (25SPM)\PUSL3122-HCI-Computer-Graphics-and-Visualisation-Group-40-\src\main\java\com\capitalcarrier\roomvisualizer\domain\enums\RenderMode.java
D:\3rd year\PUSL3122 HCI, Computer Graphics, and Visualisation (25SPM)\PUSL3122-HCI-Computer-Graphics-and-Visualisation-Group-40-\src\main\java\com\capitalcarrier\roomvisualizer\presentation\components\ColorPickerComponent.java
D:\3rd year\PUSL3122 HCI, Computer Graphics, and Visualisation (25SPM)\PUSL3122-HCI-Computer-Graphics-and-Visualisation-Group-40-\src\main\java\com\capitalcarrier\roomvisualizer\presentation\dashboard\TemplatesViewFX.java
D:\3rd year\PUSL3122 HCI, Computer Graphics, and Visualisation (25SPM)\PUSL3122-HCI-Computer-Graphics-and-Visualisation-Group-40-\src\main\java\com\capitalcarrier\roomvisualizer\config\RenderConfig.java
D:\3rd year\PUSL3122 HCI, Computer Graphics, and Visualisation (25SPM)\PUSL3122-HCI-Computer-Graphics-and-Visualisation-Group-40-\src\main\java\com\capitalcarrier\roomvisualizer\domain\model\Scene2D.java
D:\3rd year\PUSL3122 HCI, Computer Graphics, and Visualisation (25SPM)\PUSL3122-HCI-Computer-Graphics-and-Visualisation-Group-40-\src\main\java\com\capitalcarrier\roomvisualizer\presentation\editor\EditorFX.java
D:\3rd year\PUSL3122 HCI, Computer Graphics, and Visualisation (25SPM)\PUSL3122-HCI-Computer-Graphics-and-Visualisation-Group-40-\src\main\java\com\capitalcarrier\roomvisualizer\presentation\auth\AuthController.java
D:\3rd year\PUSL3122 HCI, Computer Graphics, and Visualisation (25SPM)\PUSL3122-HCI-Computer-Graphics-and-Visualisation-Group-40-\src\main\java\com\capitalcarrier\roomvisualizer\config\ThemeConfig.java
D:\3rd year\PUSL3122 HCI, Computer Graphics, and Visualisation (25SPM)\PUSL3122-HCI-Computer-Graphics-and-Visualisation-Group-40-\src\main\java\com\capitalcarrier\roomvisualizer\domain\model\Designer.java
D:\3rd year\PUSL3122 HCI, Computer Graphics, and Visualisation (25SPM)\PUSL3122-HCI-Computer-Graphics-and-Visualisation-Group-40-\src\main\java\com\capitalcarrier\roomvisualizer\domain\model\FurnitureItem.java
D:\3rd year\PUSL3122 HCI, Computer Graphics, and Visualisation (25SPM)\PUSL3122-HCI-Computer-Graphics-and-Visualisation-Group-40-\src\main\java\com\capitalcarrier\roomvisualizer\App.java
D:\3rd year\PUSL3122 HCI, Computer Graphics, and Visualisation (25SPM)\PUSL3122-HCI-Computer-Graphics-and-Visualisation-Group-40-\src\main\java\com\capitalcarrier\roomvisualizer\MainApp.java
D:\3rd year\PUSL3122 HCI, Computer Graphics, and Visualisation (25SPM)\PUSL3122-HCI-Computer-Graphics-and-Visualisation-Group-40-\src\main\java\com\capitalcarrier\roomvisualizer\presentation\dashboard\MyDesignsViewFX.java
D:\3rd year\PUSL3122 HCI, Computer Graphics, and Visualisation (25SPM)\PUSL3122-HCI-Computer-Graphics-and-Visualisation-Group-40-\src\main\java\com\capitalcarrier\roomvisualizer\presentation\components\NumericInputSpinner.java
D:\3rd year\PUSL3122 HCI, Computer Graphics, and Visualisation (25SPM)\PUSL3122-HCI-Computer-Graphics-and-Visualisation-Group-40-\src\main\java\com\capitalcarrier\roomvisualizer\security\PasswordHasher.java
D:\3rd year\PUSL3122 HCI, Computer Graphics, and Visualisation (25SPM)\PUSL3122-HCI-Computer-Graphics-and-Visualisation-Group-40-\src\main\java\com\capitalcarrier\roomvisualizer\domain\model\Material.java
D:\3rd year\PUSL3122 HCI, Computer Graphics, and Visualisation (25SPM)\PUSL3122-HCI-Computer-Graphics-and-Visualisation-Group-40-\src\main\java\com\capitalcarrier\roomvisualizer\domain\model\RoomShape.java
D:\3rd year\PUSL3122 HCI, Computer Graphics, and Visualisation (25SPM)\PUSL3122-HCI-Computer-Graphics-and-Visualisation-Group-40-\src\main\java\com\capitalcarrier\roomvisualizer\domain\enums\ViewMode.java
D:\3rd year\PUSL3122 HCI, Computer Graphics, and Visualisation (25SPM)\PUSL3122-HCI-Computer-Graphics-and-Visualisation-Group-40-\src\main\java\com\capitalcarrier\roomvisualizer\presentation\navigation\Router.java
D:\3rd year\PUSL3122 HCI, Computer Graphics, and Visualisation (25SPM)\PUSL3122-HCI-Computer-Graphics-and-Visualisation-Group-40-\src\main\java\com\capitalcarrier\roomvisualizer\application\render\LayoutService.java
D:\3rd year\PUSL3122 HCI, Computer Graphics, and Visualisation (25SPM)\PUSL3122-HCI-Computer-Graphics-and-Visualisation-Group-40-\src\main\java\com\capitalcarrier\roomvisualizer\domain\model\ColorScheme.java
D:\3rd year\PUSL3122 HCI, Computer Graphics, and Visualisation (25SPM)\PUSL3122-HCI-Computer-Graphics-and-Visualisation-Group-40-\src\main\java\com\capitalcarrier\roomvisualizer\application\render\ShadeService.java
D:\3rd year\PUSL3122 HCI, Computer Graphics, and Visualisation (25SPM)\PUSL3122-HCI-Computer-Graphics-and-Visualisation-Group-40-\src\main\java\com\capitalcarrier\roomvisualizer\config\AppConfig.java
D:\3rd year\PUSL3122 HCI, Computer Graphics, and Visualisation (25SPM)\PUSL3122-HCI-Computer-Graphics-and-Visualisation-Group-40-\src\main\java\com\capitalcarrier\roomvisualizer\application\design\FurnitureService.java
D:\3rd year\PUSL3122 HCI, Computer Graphics, and Visualisation (25SPM)\PUSL3122-HCI-Computer-Graphics-and-Visualisation-Group-40-\src\main\java\com\capitalcarrier\roomvisualizer\application\export\SnapshotService.java
D:\3rd year\PUSL3122 HCI, Computer Graphics, and Visualisation (25SPM)\PUSL3122-HCI-Computer-Graphics-and-Visualisation-Group-40-\src\main\java\com\capitalcarrier\roomvisualizer\domain\validation\FurnitureValidator.java
D:\3rd year\PUSL3122 HCI, Computer Graphics, and Visualisation (25SPM)\PUSL3122-HCI-Computer-Graphics-and-Visualisation-Group-40-\src\main\java\com\capitalcarrier\roomvisualizer\presentation\auth\RegisterFX.java
D:\3rd year\PUSL3122 HCI, Computer Graphics, and Visualisation (25SPM)\PUSL3122-HCI-Computer-Graphics-and-Visualisation-Group-40-\src\main\java\com\capitalcarrier\roomvisualizer\testsupport\MockDataFactory.java
D:\3rd year\PUSL3122 HCI, Computer Graphics, and Visualisation (25SPM)\PUSL3122-HCI-Computer-Graphics-and-Visualisation-Group-40-\src\main\java\com\capitalcarrier\roomvisualizer\presentation\editor\RoomCanvas2DFX.java
D:\3rd year\PUSL3122 HCI, Computer Graphics, and Visualisation (25SPM)\PUSL3122-HCI-Computer-Graphics-and-Visualisation-Group-40-\src\main\java\com\capitalcarrier\roomvisualizer\domain\enums\UnitType.java
D:\3rd year\PUSL3122 HCI, Computer Graphics, and Visualisation (25SPM)\PUSL3122-HCI-Computer-Graphics-and-Visualisation-Group-40-\src\main\java\com\capitalcarrier\roomvisualizer\domain\model\Room.java
